V3 28
FL //ele.puc-rio.br/public/home/alunos/graduação/e1321442/COMPDIGI/LAB4/LabCPU/CPU/CPU_STATEMACHINE.vhd 2017/11/13.10:58:20 P.20131013
FL //ele.puc-rio.br/public/home/alunos/graduação/e1321442/COMPDIGI/LAB4/LabCPU/CPU/ROMAssincrona.vhd 2017/11/13.11:06:18 P.20131013
FL C:/Users/aula/Desktop/LAB4/LabCPU/CPU/CONTADOR_MODULOM.vhd 2017/11/13.13:06:04 P.20131013
FL C:/Users/aula/Desktop/LAB4/LabCPU/CPU/CPU_STATEMACHINE.vhd 2017/11/13.13:21:42 P.20131013
FL C:/Users/aula/Desktop/LAB4/LabCPU/CPU/ROMAssincrona.vhd 2017/11/13.11:53:10 P.20131013
FL C:/Users/aula2/Desktop/LabCPU/CPU/CPU_STATEMACHINE.vhd 2017/11/06.12:58:19 P.20131013
FL C:/Users/aula2/Desktop/LabCPU/CPU/RAMSincrona.vhd 2017/11/06.11:19:40 P.20131013
EN work/RAMSincrona 1509974760 \
      FL C:/Users/aula2/Desktop/LabCPU/CPU/RAMSincrona.vhd PB ieee/std_logic_1164 1364358218 \
      PB ieee/NUMERIC_STD 1364358223
AR work/RAMSincrona/Behavioral 1509974761 \
      FL C:/Users/aula2/Desktop/LabCPU/CPU/RAMSincrona.vhd EN work/RAMSincrona 1509974760
FL C:/Users/aula2/Desktop/LabCPU/CPU/ROMAssincrona.vhd 2017/11/06.12:03:18 P.20131013
FL C:/Users/gazevedo/Desktop/LAB4/LabCPU/CPU/CONTADOR_MODULOM.vhd 2017/11/19.11:39:49 P.20131013
EN work/ContadorModuloM 1511107746 \
      FL C:/Users/gazevedo/Desktop/LAB4/LabCPU/CPU/CONTADOR_MODULOM.vhd \
      PB ieee/std_logic_1164 1364358218 PB ieee/NUMERIC_STD 1364358223
AR work/ContadorModuloM/Behavioral 1511107747 \
      FL C:/Users/gazevedo/Desktop/LAB4/LabCPU/CPU/CONTADOR_MODULOM.vhd \
      EN work/ContadorModuloM 1511107746
FL C:/Users/gazevedo/Desktop/LAB4/LabCPU/CPU/CPU_STATEMACHINE.vhd 2017/11/19.14:08:55 P.20131013
EN work/CPU_STATEMACHINE 1511107750 \
      FL C:/Users/gazevedo/Desktop/LAB4/LabCPU/CPU/CPU_STATEMACHINE.vhd \
      PB ieee/std_logic_1164 1364358218 PB ieee/NUMERIC_STD 1364358223 \
      PB work/COMMANDS_LCD4BITS 1511107743
AR work/CPU_STATEMACHINE/Behavioral 1511107751 \
      FL C:/Users/gazevedo/Desktop/LAB4/LabCPU/CPU/CPU_STATEMACHINE.vhd \
      EN work/CPU_STATEMACHINE 1511107750 CP ROMAssincrona CP ContadorModuloM \
      CP PROCESADOR_LCD4BITS
FL C:/Users/gazevedo/Desktop/LAB4/LabCPU/CPU/ROMAssincrona.vhd 2017/11/19.11:12:00 P.20131013
EN work/ROMAssincrona 1511107744 \
      FL C:/Users/gazevedo/Desktop/LAB4/LabCPU/CPU/ROMAssincrona.vhd \
      PB ieee/std_logic_1164 1364358218 PB ieee/NUMERIC_STD 1364358223
AR work/ROMAssincrona/Behavioral 1511107745 \
      FL C:/Users/gazevedo/Desktop/LAB4/LabCPU/CPU/ROMAssincrona.vhd \
      EN work/ROMAssincrona 1511107744
FL C:/Users/gazevedo/Desktop/LAB4/LabCPU/LCDlib/COMMANDS_LCD4BITS.vhd 2017/11/19.08:56:51 P.20131013
PH work/COMMANDS_LCD4BITS 1511107742 \
      FL C:/Users/gazevedo/Desktop/LAB4/LabCPU/LCDlib/COMMANDS_LCD4BITS.vhd \
      PB ieee/std_logic_1164 1364358218 PB ieee/NUMERIC_STD 1364358223 \
      PB ieee/STD_LOGIC_UNSIGNED 1381692179
PB work/COMMANDS_LCD4BITS 1511107743 \
      FL C:/Users/gazevedo/Desktop/LAB4/LabCPU/LCDlib/COMMANDS_LCD4BITS.vhd \
      PH work/COMMANDS_LCD4BITS 1511107742
FL C:/Users/gazevedo/Desktop/LAB4/LabCPU/LCDlib/PROCESADOR_LCD4BITS.vhd 2017/04/09.20:14:58 P.20131013
EN work/PROCESADOR_LCD4BITS 1511107748 \
      FL C:/Users/gazevedo/Desktop/LAB4/LabCPU/LCDlib/PROCESADOR_LCD4BITS.vhd \
      PB ieee/std_logic_1164 1364358218 PB ieee/NUMERIC_STD 1364358223 \
      PB ieee/STD_LOGIC_UNSIGNED 1381692179
AR work/PROCESADOR_LCD4BITS/Behavioral 1511107749 \
      FL C:/Users/gazevedo/Desktop/LAB4/LabCPU/LCDlib/PROCESADOR_LCD4BITS.vhd \
      EN work/PROCESADOR_LCD4BITS 1511107748
